countess.full=precheck>acquire_town_waypoint>open_waypoint>select_run_waypoint>wait_entry_area>play_bound_route>acquire_boss>engage_boss>reposition_for_loot>wait_for_drops>scan_loot>cast_town_portal>enter_town_portal>wait_origin_town>open_personal_stash>stash_items>close_personal_stash>prepare_town_handoff>complete
mephisto.full=precheck>acquire_town_waypoint>open_waypoint>select_run_waypoint>wait_entry_area>play_bound_route>acquire_boss>engage_boss>reposition_for_loot>wait_for_drops>scan_loot>cast_town_portal>enter_town_portal>wait_origin_town>play_town_egress>open_origin_waypoint>select_hub_waypoint>wait_hub_area>open_personal_stash>stash_items>close_personal_stash>prepare_town_handoff>complete
summoner.full=precheck>acquire_town_waypoint>open_waypoint>select_run_waypoint>wait_entry_area>play_bound_route>acquire_boss>engage_boss>clear_nearby_hostiles>reposition_for_loot>wait_for_drops>scan_loot>cast_town_portal>enter_town_portal>wait_origin_town>play_town_egress>open_origin_waypoint>select_hub_waypoint>wait_hub_area>open_personal_stash>stash_items>close_personal_stash>prepare_town_handoff>complete
nihlathak.full=precheck>acquire_town_waypoint>open_waypoint>select_run_waypoint>wait_entry_area>play_bound_route>acquire_boss>engage_boss>clear_nearby_hostiles>reposition_for_loot>wait_for_drops>scan_loot>cast_town_portal>enter_town_portal>wait_origin_town>play_town_egress>open_origin_waypoint>select_hub_waypoint>wait_hub_area>open_personal_stash>stash_items>close_personal_stash>prepare_town_handoff>complete
lower-kurast.full=precheck>acquire_town_waypoint>open_waypoint>select_run_waypoint>wait_entry_area>play_bound_route>chest_sweep>wait_for_drops>scan_loot>cast_town_portal>enter_town_portal>wait_origin_town>play_town_egress>open_origin_waypoint>select_hub_waypoint>wait_hub_area>open_personal_stash>stash_items>close_personal_stash>prepare_town_handoff>complete
recovery.loot_target=scan_loot>pick_loot>cast_town_portal>enter_town_portal>wait_origin_town>open_personal_stash>stash_items>close_personal_stash>prepare_town_handoff>complete
recovery.boss_already_killed=acquire_boss>clear_nearby_hostiles>reposition_for_loot>wait_for_drops>scan_loot>cast_town_portal>enter_town_portal>wait_origin_town>play_town_egress>open_origin_waypoint>select_hub_waypoint>wait_hub_area>open_personal_stash>stash_items>close_personal_stash>prepare_town_handoff>complete
recovery.retry_return_act1=precheck>cast_town_portal>enter_town_portal>wait_origin_town>complete
recovery.retry_return_foreign_town=precheck>cast_town_portal>enter_town_portal>wait_origin_town>play_town_egress>open_origin_waypoint>select_hub_waypoint>wait_hub_area>complete
failure.play_route_timeout=timeout
failure.waypoint_timeout=waypoint_destination_timeout
