town_ready=precheck>town_ready_profile>complete
stash_personal=precheck>open_personal_stash>stash_items>close_personal_stash>complete
travel_entry=precheck>acquire_town_waypoint>open_waypoint>select_run_waypoint>wait_entry_area
play_route=precheck>acquire_town_waypoint>open_waypoint>select_run_waypoint>wait_entry_area>play_bound_route
play_route_resume_entry=precheck>play_bound_route
play_route_resume_terminal=precheck
boss=precheck>acquire_boss>engage_boss
loot_return_act1=precheck>wait_for_drops>scan_loot>cast_town_portal>enter_town_portal>wait_origin_town>open_personal_stash>stash_items>close_personal_stash>complete
loot_return_act1_target=precheck>wait_for_drops>scan_loot>pick_loot>cast_town_portal>enter_town_portal>wait_origin_town>open_personal_stash>stash_items>close_personal_stash>complete
loot_return_foreign=precheck>wait_for_drops>scan_loot>cast_town_portal>enter_town_portal>wait_origin_town>play_town_egress>open_origin_waypoint>select_hub_waypoint>wait_hub_area>open_personal_stash>stash_items>close_personal_stash>complete
loot_return_foreign_target=precheck>wait_for_drops>scan_loot>pick_loot>cast_town_portal>enter_town_portal>wait_origin_town>play_town_egress>open_origin_waypoint>select_hub_waypoint>wait_hub_area>open_personal_stash>stash_items>close_personal_stash>complete
failure.hub_waypoint_timeout=waypoint_destination_timeout
lower_kurast_full=precheck>acquire_town_waypoint>open_waypoint>select_run_waypoint>wait_entry_area>play_bound_route>chest_sweep>wait_for_drops>scan_loot>cast_town_portal>enter_town_portal>wait_origin_town>play_town_egress>open_origin_waypoint>select_hub_waypoint>wait_hub_area>open_personal_stash>stash_items>close_personal_stash>prepare_town_handoff>complete
lower_kurast_boss=precheck>chest_sweep
