full|acquire_boss|loot=0,kill=1,clear=0,foreign=0,resume=off|reposition_for_loot
full|acquire_boss|loot=0,kill=1,clear=0,foreign=0,resume=play_bound_route|reposition_for_loot
full|acquire_boss|loot=0,kill=1,clear=0,foreign=0,resume=empty|reposition_for_loot
full|acquire_boss|loot=0,kill=1,clear=0,foreign=1,resume=off|reposition_for_loot
full|acquire_boss|loot=0,kill=1,clear=0,foreign=1,resume=play_bound_route|reposition_for_loot
full|acquire_boss|loot=0,kill=1,clear=0,foreign=1,resume=empty|reposition_for_loot
full|acquire_boss|loot=0,kill=1,clear=1,foreign=0,resume=off|clear_nearby_hostiles
full|acquire_boss|loot=0,kill=1,clear=1,foreign=0,resume=play_bound_route|clear_nearby_hostiles
full|acquire_boss|loot=0,kill=1,clear=1,foreign=0,resume=empty|clear_nearby_hostiles
full|acquire_boss|loot=0,kill=1,clear=1,foreign=1,resume=off|clear_nearby_hostiles
full|acquire_boss|loot=0,kill=1,clear=1,foreign=1,resume=play_bound_route|clear_nearby_hostiles
full|acquire_boss|loot=0,kill=1,clear=1,foreign=1,resume=empty|clear_nearby_hostiles
full|acquire_boss|loot=1,kill=1,clear=0,foreign=0,resume=off|reposition_for_loot
full|acquire_boss|loot=1,kill=1,clear=0,foreign=0,resume=play_bound_route|reposition_for_loot
full|acquire_boss|loot=1,kill=1,clear=0,foreign=0,resume=empty|reposition_for_loot
full|acquire_boss|loot=1,kill=1,clear=0,foreign=1,resume=off|reposition_for_loot
full|acquire_boss|loot=1,kill=1,clear=0,foreign=1,resume=play_bound_route|reposition_for_loot
full|acquire_boss|loot=1,kill=1,clear=0,foreign=1,resume=empty|reposition_for_loot
full|acquire_boss|loot=1,kill=1,clear=1,foreign=0,resume=off|clear_nearby_hostiles
full|acquire_boss|loot=1,kill=1,clear=1,foreign=0,resume=play_bound_route|clear_nearby_hostiles
full|acquire_boss|loot=1,kill=1,clear=1,foreign=0,resume=empty|clear_nearby_hostiles
full|acquire_boss|loot=1,kill=1,clear=1,foreign=1,resume=off|clear_nearby_hostiles
full|acquire_boss|loot=1,kill=1,clear=1,foreign=1,resume=play_bound_route|clear_nearby_hostiles
full|acquire_boss|loot=1,kill=1,clear=1,foreign=1,resume=empty|clear_nearby_hostiles
full|engage_boss|loot=0,kill=0,clear=1,foreign=0,resume=off|clear_nearby_hostiles
full|engage_boss|loot=0,kill=0,clear=1,foreign=0,resume=play_bound_route|clear_nearby_hostiles
full|engage_boss|loot=0,kill=0,clear=1,foreign=0,resume=empty|clear_nearby_hostiles
full|engage_boss|loot=0,kill=0,clear=1,foreign=1,resume=off|clear_nearby_hostiles
full|engage_boss|loot=0,kill=0,clear=1,foreign=1,resume=play_bound_route|clear_nearby_hostiles
full|engage_boss|loot=0,kill=0,clear=1,foreign=1,resume=empty|clear_nearby_hostiles
full|engage_boss|loot=0,kill=1,clear=1,foreign=0,resume=off|clear_nearby_hostiles
full|engage_boss|loot=0,kill=1,clear=1,foreign=0,resume=play_bound_route|clear_nearby_hostiles
full|engage_boss|loot=0,kill=1,clear=1,foreign=0,resume=empty|clear_nearby_hostiles
full|engage_boss|loot=0,kill=1,clear=1,foreign=1,resume=off|clear_nearby_hostiles
full|engage_boss|loot=0,kill=1,clear=1,foreign=1,resume=play_bound_route|clear_nearby_hostiles
full|engage_boss|loot=0,kill=1,clear=1,foreign=1,resume=empty|clear_nearby_hostiles
full|engage_boss|loot=1,kill=0,clear=1,foreign=0,resume=off|clear_nearby_hostiles
full|engage_boss|loot=1,kill=0,clear=1,foreign=0,resume=play_bound_route|clear_nearby_hostiles
full|engage_boss|loot=1,kill=0,clear=1,foreign=0,resume=empty|clear_nearby_hostiles
full|engage_boss|loot=1,kill=0,clear=1,foreign=1,resume=off|clear_nearby_hostiles
full|engage_boss|loot=1,kill=0,clear=1,foreign=1,resume=play_bound_route|clear_nearby_hostiles
full|engage_boss|loot=1,kill=0,clear=1,foreign=1,resume=empty|clear_nearby_hostiles
full|engage_boss|loot=1,kill=1,clear=1,foreign=0,resume=off|clear_nearby_hostiles
full|engage_boss|loot=1,kill=1,clear=1,foreign=0,resume=play_bound_route|clear_nearby_hostiles
full|engage_boss|loot=1,kill=1,clear=1,foreign=0,resume=empty|clear_nearby_hostiles
full|engage_boss|loot=1,kill=1,clear=1,foreign=1,resume=off|clear_nearby_hostiles
full|engage_boss|loot=1,kill=1,clear=1,foreign=1,resume=play_bound_route|clear_nearby_hostiles
full|engage_boss|loot=1,kill=1,clear=1,foreign=1,resume=empty|clear_nearby_hostiles
full|scan_loot|loot=1,kill=0,clear=0,foreign=0,resume=off|pick_loot
full|scan_loot|loot=1,kill=0,clear=0,foreign=0,resume=play_bound_route|pick_loot
full|scan_loot|loot=1,kill=0,clear=0,foreign=0,resume=empty|pick_loot
full|scan_loot|loot=1,kill=0,clear=0,foreign=1,resume=off|pick_loot
full|scan_loot|loot=1,kill=0,clear=0,foreign=1,resume=play_bound_route|pick_loot
full|scan_loot|loot=1,kill=0,clear=0,foreign=1,resume=empty|pick_loot
full|scan_loot|loot=1,kill=0,clear=1,foreign=0,resume=off|pick_loot
full|scan_loot|loot=1,kill=0,clear=1,foreign=0,resume=play_bound_route|pick_loot
full|scan_loot|loot=1,kill=0,clear=1,foreign=0,resume=empty|pick_loot
full|scan_loot|loot=1,kill=0,clear=1,foreign=1,resume=off|pick_loot
full|scan_loot|loot=1,kill=0,clear=1,foreign=1,resume=play_bound_route|pick_loot
full|scan_loot|loot=1,kill=0,clear=1,foreign=1,resume=empty|pick_loot
full|scan_loot|loot=1,kill=1,clear=0,foreign=0,resume=off|pick_loot
full|scan_loot|loot=1,kill=1,clear=0,foreign=0,resume=play_bound_route|pick_loot
full|scan_loot|loot=1,kill=1,clear=0,foreign=0,resume=empty|pick_loot
full|scan_loot|loot=1,kill=1,clear=0,foreign=1,resume=off|pick_loot
full|scan_loot|loot=1,kill=1,clear=0,foreign=1,resume=play_bound_route|pick_loot
full|scan_loot|loot=1,kill=1,clear=0,foreign=1,resume=empty|pick_loot
full|scan_loot|loot=1,kill=1,clear=1,foreign=0,resume=off|pick_loot
full|scan_loot|loot=1,kill=1,clear=1,foreign=0,resume=play_bound_route|pick_loot
full|scan_loot|loot=1,kill=1,clear=1,foreign=0,resume=empty|pick_loot
full|scan_loot|loot=1,kill=1,clear=1,foreign=1,resume=off|pick_loot
full|scan_loot|loot=1,kill=1,clear=1,foreign=1,resume=play_bound_route|pick_loot
full|scan_loot|loot=1,kill=1,clear=1,foreign=1,resume=empty|pick_loot
full|wait_origin_town|loot=0,kill=0,clear=0,foreign=1,resume=off|play_town_egress
full|wait_origin_town|loot=0,kill=0,clear=0,foreign=1,resume=play_bound_route|play_town_egress
full|wait_origin_town|loot=0,kill=0,clear=0,foreign=1,resume=empty|play_town_egress
full|wait_origin_town|loot=0,kill=0,clear=1,foreign=1,resume=off|play_town_egress
full|wait_origin_town|loot=0,kill=0,clear=1,foreign=1,resume=play_bound_route|play_town_egress
full|wait_origin_town|loot=0,kill=0,clear=1,foreign=1,resume=empty|play_town_egress
full|wait_origin_town|loot=0,kill=1,clear=0,foreign=1,resume=off|play_town_egress
full|wait_origin_town|loot=0,kill=1,clear=0,foreign=1,resume=play_bound_route|play_town_egress
full|wait_origin_town|loot=0,kill=1,clear=0,foreign=1,resume=empty|play_town_egress
full|wait_origin_town|loot=0,kill=1,clear=1,foreign=1,resume=off|play_town_egress
full|wait_origin_town|loot=0,kill=1,clear=1,foreign=1,resume=play_bound_route|play_town_egress
full|wait_origin_town|loot=0,kill=1,clear=1,foreign=1,resume=empty|play_town_egress
full|wait_origin_town|loot=1,kill=0,clear=0,foreign=1,resume=off|play_town_egress
full|wait_origin_town|loot=1,kill=0,clear=0,foreign=1,resume=play_bound_route|play_town_egress
full|wait_origin_town|loot=1,kill=0,clear=0,foreign=1,resume=empty|play_town_egress
full|wait_origin_town|loot=1,kill=0,clear=1,foreign=1,resume=off|play_town_egress
full|wait_origin_town|loot=1,kill=0,clear=1,foreign=1,resume=play_bound_route|play_town_egress
full|wait_origin_town|loot=1,kill=0,clear=1,foreign=1,resume=empty|play_town_egress
full|wait_origin_town|loot=1,kill=1,clear=0,foreign=1,resume=off|play_town_egress
full|wait_origin_town|loot=1,kill=1,clear=0,foreign=1,resume=play_bound_route|play_town_egress
full|wait_origin_town|loot=1,kill=1,clear=0,foreign=1,resume=empty|play_town_egress
full|wait_origin_town|loot=1,kill=1,clear=1,foreign=1,resume=off|play_town_egress
full|wait_origin_town|loot=1,kill=1,clear=1,foreign=1,resume=play_bound_route|play_town_egress
full|wait_origin_town|loot=1,kill=1,clear=1,foreign=1,resume=empty|play_town_egress
travel-entry|precheck|loot=0,kill=0,clear=0,foreign=0,resume=play_bound_route|play_bound_route
travel-entry|precheck|loot=0,kill=0,clear=0,foreign=0,resume=empty|-
travel-entry|precheck|loot=0,kill=0,clear=0,foreign=1,resume=play_bound_route|play_bound_route
travel-entry|precheck|loot=0,kill=0,clear=0,foreign=1,resume=empty|-
travel-entry|precheck|loot=0,kill=0,clear=1,foreign=0,resume=play_bound_route|play_bound_route
travel-entry|precheck|loot=0,kill=0,clear=1,foreign=0,resume=empty|-
travel-entry|precheck|loot=0,kill=0,clear=1,foreign=1,resume=play_bound_route|play_bound_route
travel-entry|precheck|loot=0,kill=0,clear=1,foreign=1,resume=empty|-
travel-entry|precheck|loot=0,kill=1,clear=0,foreign=0,resume=play_bound_route|play_bound_route
travel-entry|precheck|loot=0,kill=1,clear=0,foreign=0,resume=empty|-
travel-entry|precheck|loot=0,kill=1,clear=0,foreign=1,resume=play_bound_route|play_bound_route
travel-entry|precheck|loot=0,kill=1,clear=0,foreign=1,resume=empty|-
travel-entry|precheck|loot=0,kill=1,clear=1,foreign=0,resume=play_bound_route|play_bound_route
travel-entry|precheck|loot=0,kill=1,clear=1,foreign=0,resume=empty|-
travel-entry|precheck|loot=0,kill=1,clear=1,foreign=1,resume=play_bound_route|play_bound_route
travel-entry|precheck|loot=0,kill=1,clear=1,foreign=1,resume=empty|-
travel-entry|precheck|loot=1,kill=0,clear=0,foreign=0,resume=play_bound_route|play_bound_route
travel-entry|precheck|loot=1,kill=0,clear=0,foreign=0,resume=empty|-
travel-entry|precheck|loot=1,kill=0,clear=0,foreign=1,resume=play_bound_route|play_bound_route
travel-entry|precheck|loot=1,kill=0,clear=0,foreign=1,resume=empty|-
travel-entry|precheck|loot=1,kill=0,clear=1,foreign=0,resume=play_bound_route|play_bound_route
travel-entry|precheck|loot=1,kill=0,clear=1,foreign=0,resume=empty|-
travel-entry|precheck|loot=1,kill=0,clear=1,foreign=1,resume=play_bound_route|play_bound_route
travel-entry|precheck|loot=1,kill=0,clear=1,foreign=1,resume=empty|-
travel-entry|precheck|loot=1,kill=1,clear=0,foreign=0,resume=play_bound_route|play_bound_route
travel-entry|precheck|loot=1,kill=1,clear=0,foreign=0,resume=empty|-
travel-entry|precheck|loot=1,kill=1,clear=0,foreign=1,resume=play_bound_route|play_bound_route
travel-entry|precheck|loot=1,kill=1,clear=0,foreign=1,resume=empty|-
travel-entry|precheck|loot=1,kill=1,clear=1,foreign=0,resume=play_bound_route|play_bound_route
travel-entry|precheck|loot=1,kill=1,clear=1,foreign=0,resume=empty|-
travel-entry|precheck|loot=1,kill=1,clear=1,foreign=1,resume=play_bound_route|play_bound_route
travel-entry|precheck|loot=1,kill=1,clear=1,foreign=1,resume=empty|-
play-route|precheck|loot=0,kill=0,clear=0,foreign=0,resume=play_bound_route|play_bound_route
play-route|precheck|loot=0,kill=0,clear=0,foreign=0,resume=empty|-
play-route|precheck|loot=0,kill=0,clear=0,foreign=1,resume=play_bound_route|play_bound_route
play-route|precheck|loot=0,kill=0,clear=0,foreign=1,resume=empty|-
play-route|precheck|loot=0,kill=0,clear=1,foreign=0,resume=play_bound_route|play_bound_route
play-route|precheck|loot=0,kill=0,clear=1,foreign=0,resume=empty|-
play-route|precheck|loot=0,kill=0,clear=1,foreign=1,resume=play_bound_route|play_bound_route
play-route|precheck|loot=0,kill=0,clear=1,foreign=1,resume=empty|-
play-route|precheck|loot=0,kill=1,clear=0,foreign=0,resume=play_bound_route|play_bound_route
play-route|precheck|loot=0,kill=1,clear=0,foreign=0,resume=empty|-
play-route|precheck|loot=0,kill=1,clear=0,foreign=1,resume=play_bound_route|play_bound_route
play-route|precheck|loot=0,kill=1,clear=0,foreign=1,resume=empty|-
play-route|precheck|loot=0,kill=1,clear=1,foreign=0,resume=play_bound_route|play_bound_route
play-route|precheck|loot=0,kill=1,clear=1,foreign=0,resume=empty|-
play-route|precheck|loot=0,kill=1,clear=1,foreign=1,resume=play_bound_route|play_bound_route
play-route|precheck|loot=0,kill=1,clear=1,foreign=1,resume=empty|-
play-route|precheck|loot=1,kill=0,clear=0,foreign=0,resume=play_bound_route|play_bound_route
play-route|precheck|loot=1,kill=0,clear=0,foreign=0,resume=empty|-
play-route|precheck|loot=1,kill=0,clear=0,foreign=1,resume=play_bound_route|play_bound_route
play-route|precheck|loot=1,kill=0,clear=0,foreign=1,resume=empty|-
play-route|precheck|loot=1,kill=0,clear=1,foreign=0,resume=play_bound_route|play_bound_route
play-route|precheck|loot=1,kill=0,clear=1,foreign=0,resume=empty|-
play-route|precheck|loot=1,kill=0,clear=1,foreign=1,resume=play_bound_route|play_bound_route
play-route|precheck|loot=1,kill=0,clear=1,foreign=1,resume=empty|-
play-route|precheck|loot=1,kill=1,clear=0,foreign=0,resume=play_bound_route|play_bound_route
play-route|precheck|loot=1,kill=1,clear=0,foreign=0,resume=empty|-
play-route|precheck|loot=1,kill=1,clear=0,foreign=1,resume=play_bound_route|play_bound_route
play-route|precheck|loot=1,kill=1,clear=0,foreign=1,resume=empty|-
play-route|precheck|loot=1,kill=1,clear=1,foreign=0,resume=play_bound_route|play_bound_route
play-route|precheck|loot=1,kill=1,clear=1,foreign=0,resume=empty|-
play-route|precheck|loot=1,kill=1,clear=1,foreign=1,resume=play_bound_route|play_bound_route
play-route|precheck|loot=1,kill=1,clear=1,foreign=1,resume=empty|-
loot-and-return|scan_loot|loot=1,kill=0,clear=0,foreign=0,resume=off|pick_loot
loot-and-return|scan_loot|loot=1,kill=0,clear=0,foreign=0,resume=play_bound_route|pick_loot
loot-and-return|scan_loot|loot=1,kill=0,clear=0,foreign=0,resume=empty|pick_loot
loot-and-return|scan_loot|loot=1,kill=0,clear=0,foreign=1,resume=off|pick_loot
loot-and-return|scan_loot|loot=1,kill=0,clear=0,foreign=1,resume=play_bound_route|pick_loot
loot-and-return|scan_loot|loot=1,kill=0,clear=0,foreign=1,resume=empty|pick_loot
loot-and-return|scan_loot|loot=1,kill=0,clear=1,foreign=0,resume=off|pick_loot
loot-and-return|scan_loot|loot=1,kill=0,clear=1,foreign=0,resume=play_bound_route|pick_loot
loot-and-return|scan_loot|loot=1,kill=0,clear=1,foreign=0,resume=empty|pick_loot
loot-and-return|scan_loot|loot=1,kill=0,clear=1,foreign=1,resume=off|pick_loot
loot-and-return|scan_loot|loot=1,kill=0,clear=1,foreign=1,resume=play_bound_route|pick_loot
loot-and-return|scan_loot|loot=1,kill=0,clear=1,foreign=1,resume=empty|pick_loot
loot-and-return|scan_loot|loot=1,kill=1,clear=0,foreign=0,resume=off|pick_loot
loot-and-return|scan_loot|loot=1,kill=1,clear=0,foreign=0,resume=play_bound_route|pick_loot
loot-and-return|scan_loot|loot=1,kill=1,clear=0,foreign=0,resume=empty|pick_loot
loot-and-return|scan_loot|loot=1,kill=1,clear=0,foreign=1,resume=off|pick_loot
loot-and-return|scan_loot|loot=1,kill=1,clear=0,foreign=1,resume=play_bound_route|pick_loot
loot-and-return|scan_loot|loot=1,kill=1,clear=0,foreign=1,resume=empty|pick_loot
loot-and-return|scan_loot|loot=1,kill=1,clear=1,foreign=0,resume=off|pick_loot
loot-and-return|scan_loot|loot=1,kill=1,clear=1,foreign=0,resume=play_bound_route|pick_loot
loot-and-return|scan_loot|loot=1,kill=1,clear=1,foreign=0,resume=empty|pick_loot
loot-and-return|scan_loot|loot=1,kill=1,clear=1,foreign=1,resume=off|pick_loot
loot-and-return|scan_loot|loot=1,kill=1,clear=1,foreign=1,resume=play_bound_route|pick_loot
loot-and-return|scan_loot|loot=1,kill=1,clear=1,foreign=1,resume=empty|pick_loot
loot-and-return|wait_origin_town|loot=0,kill=0,clear=0,foreign=1,resume=off|play_town_egress
loot-and-return|wait_origin_town|loot=0,kill=0,clear=0,foreign=1,resume=play_bound_route|play_town_egress
loot-and-return|wait_origin_town|loot=0,kill=0,clear=0,foreign=1,resume=empty|play_town_egress
loot-and-return|wait_origin_town|loot=0,kill=0,clear=1,foreign=1,resume=off|play_town_egress
loot-and-return|wait_origin_town|loot=0,kill=0,clear=1,foreign=1,resume=play_bound_route|play_town_egress
loot-and-return|wait_origin_town|loot=0,kill=0,clear=1,foreign=1,resume=empty|play_town_egress
loot-and-return|wait_origin_town|loot=0,kill=1,clear=0,foreign=1,resume=off|play_town_egress
loot-and-return|wait_origin_town|loot=0,kill=1,clear=0,foreign=1,resume=play_bound_route|play_town_egress
loot-and-return|wait_origin_town|loot=0,kill=1,clear=0,foreign=1,resume=empty|play_town_egress
loot-and-return|wait_origin_town|loot=0,kill=1,clear=1,foreign=1,resume=off|play_town_egress
loot-and-return|wait_origin_town|loot=0,kill=1,clear=1,foreign=1,resume=play_bound_route|play_town_egress
loot-and-return|wait_origin_town|loot=0,kill=1,clear=1,foreign=1,resume=empty|play_town_egress
loot-and-return|wait_origin_town|loot=1,kill=0,clear=0,foreign=1,resume=off|play_town_egress
loot-and-return|wait_origin_town|loot=1,kill=0,clear=0,foreign=1,resume=play_bound_route|play_town_egress
loot-and-return|wait_origin_town|loot=1,kill=0,clear=0,foreign=1,resume=empty|play_town_egress
loot-and-return|wait_origin_town|loot=1,kill=0,clear=1,foreign=1,resume=off|play_town_egress
loot-and-return|wait_origin_town|loot=1,kill=0,clear=1,foreign=1,resume=play_bound_route|play_town_egress
loot-and-return|wait_origin_town|loot=1,kill=0,clear=1,foreign=1,resume=empty|play_town_egress
loot-and-return|wait_origin_town|loot=1,kill=1,clear=0,foreign=1,resume=off|play_town_egress
loot-and-return|wait_origin_town|loot=1,kill=1,clear=0,foreign=1,resume=play_bound_route|play_town_egress
loot-and-return|wait_origin_town|loot=1,kill=1,clear=0,foreign=1,resume=empty|play_town_egress
loot-and-return|wait_origin_town|loot=1,kill=1,clear=1,foreign=1,resume=off|play_town_egress
loot-and-return|wait_origin_town|loot=1,kill=1,clear=1,foreign=1,resume=play_bound_route|play_town_egress
loot-and-return|wait_origin_town|loot=1,kill=1,clear=1,foreign=1,resume=empty|play_town_egress
retry-return|wait_origin_town|loot=0,kill=0,clear=0,foreign=1,resume=off|play_town_egress
retry-return|wait_origin_town|loot=0,kill=0,clear=0,foreign=1,resume=play_bound_route|play_town_egress
retry-return|wait_origin_town|loot=0,kill=0,clear=0,foreign=1,resume=empty|play_town_egress
retry-return|wait_origin_town|loot=0,kill=0,clear=1,foreign=1,resume=off|play_town_egress
retry-return|wait_origin_town|loot=0,kill=0,clear=1,foreign=1,resume=play_bound_route|play_town_egress
retry-return|wait_origin_town|loot=0,kill=0,clear=1,foreign=1,resume=empty|play_town_egress
retry-return|wait_origin_town|loot=0,kill=1,clear=0,foreign=1,resume=off|play_town_egress
retry-return|wait_origin_town|loot=0,kill=1,clear=0,foreign=1,resume=play_bound_route|play_town_egress
retry-return|wait_origin_town|loot=0,kill=1,clear=0,foreign=1,resume=empty|play_town_egress
retry-return|wait_origin_town|loot=0,kill=1,clear=1,foreign=1,resume=off|play_town_egress
retry-return|wait_origin_town|loot=0,kill=1,clear=1,foreign=1,resume=play_bound_route|play_town_egress
retry-return|wait_origin_town|loot=0,kill=1,clear=1,foreign=1,resume=empty|play_town_egress
retry-return|wait_origin_town|loot=1,kill=0,clear=0,foreign=1,resume=off|play_town_egress
retry-return|wait_origin_town|loot=1,kill=0,clear=0,foreign=1,resume=play_bound_route|play_town_egress
retry-return|wait_origin_town|loot=1,kill=0,clear=0,foreign=1,resume=empty|play_town_egress
retry-return|wait_origin_town|loot=1,kill=0,clear=1,foreign=1,resume=off|play_town_egress
retry-return|wait_origin_town|loot=1,kill=0,clear=1,foreign=1,resume=play_bound_route|play_town_egress
retry-return|wait_origin_town|loot=1,kill=0,clear=1,foreign=1,resume=empty|play_town_egress
retry-return|wait_origin_town|loot=1,kill=1,clear=0,foreign=1,resume=off|play_town_egress
retry-return|wait_origin_town|loot=1,kill=1,clear=0,foreign=1,resume=play_bound_route|play_town_egress
retry-return|wait_origin_town|loot=1,kill=1,clear=0,foreign=1,resume=empty|play_town_egress
retry-return|wait_origin_town|loot=1,kill=1,clear=1,foreign=1,resume=off|play_town_egress
retry-return|wait_origin_town|loot=1,kill=1,clear=1,foreign=1,resume=play_bound_route|play_town_egress
retry-return|wait_origin_town|loot=1,kill=1,clear=1,foreign=1,resume=empty|play_town_egress
not-a-phase|acquire_boss|loot=0,kill=1,clear=0,foreign=0,resume=off|reposition_for_loot
not-a-phase|acquire_boss|loot=0,kill=1,clear=0,foreign=0,resume=play_bound_route|reposition_for_loot
not-a-phase|acquire_boss|loot=0,kill=1,clear=0,foreign=0,resume=empty|reposition_for_loot
not-a-phase|acquire_boss|loot=0,kill=1,clear=0,foreign=1,resume=off|reposition_for_loot
not-a-phase|acquire_boss|loot=0,kill=1,clear=0,foreign=1,resume=play_bound_route|reposition_for_loot
not-a-phase|acquire_boss|loot=0,kill=1,clear=0,foreign=1,resume=empty|reposition_for_loot
not-a-phase|acquire_boss|loot=0,kill=1,clear=1,foreign=0,resume=off|clear_nearby_hostiles
not-a-phase|acquire_boss|loot=0,kill=1,clear=1,foreign=0,resume=play_bound_route|clear_nearby_hostiles
not-a-phase|acquire_boss|loot=0,kill=1,clear=1,foreign=0,resume=empty|clear_nearby_hostiles
not-a-phase|acquire_boss|loot=0,kill=1,clear=1,foreign=1,resume=off|clear_nearby_hostiles
not-a-phase|acquire_boss|loot=0,kill=1,clear=1,foreign=1,resume=play_bound_route|clear_nearby_hostiles
not-a-phase|acquire_boss|loot=0,kill=1,clear=1,foreign=1,resume=empty|clear_nearby_hostiles
not-a-phase|acquire_boss|loot=1,kill=1,clear=0,foreign=0,resume=off|reposition_for_loot
not-a-phase|acquire_boss|loot=1,kill=1,clear=0,foreign=0,resume=play_bound_route|reposition_for_loot
not-a-phase|acquire_boss|loot=1,kill=1,clear=0,foreign=0,resume=empty|reposition_for_loot
not-a-phase|acquire_boss|loot=1,kill=1,clear=0,foreign=1,resume=off|reposition_for_loot
not-a-phase|acquire_boss|loot=1,kill=1,clear=0,foreign=1,resume=play_bound_route|reposition_for_loot
not-a-phase|acquire_boss|loot=1,kill=1,clear=0,foreign=1,resume=empty|reposition_for_loot
not-a-phase|acquire_boss|loot=1,kill=1,clear=1,foreign=0,resume=off|clear_nearby_hostiles
not-a-phase|acquire_boss|loot=1,kill=1,clear=1,foreign=0,resume=play_bound_route|clear_nearby_hostiles
not-a-phase|acquire_boss|loot=1,kill=1,clear=1,foreign=0,resume=empty|clear_nearby_hostiles
not-a-phase|acquire_boss|loot=1,kill=1,clear=1,foreign=1,resume=off|clear_nearby_hostiles
not-a-phase|acquire_boss|loot=1,kill=1,clear=1,foreign=1,resume=play_bound_route|clear_nearby_hostiles
not-a-phase|acquire_boss|loot=1,kill=1,clear=1,foreign=1,resume=empty|clear_nearby_hostiles
not-a-phase|engage_boss|loot=0,kill=0,clear=1,foreign=0,resume=off|clear_nearby_hostiles
not-a-phase|engage_boss|loot=0,kill=0,clear=1,foreign=0,resume=play_bound_route|clear_nearby_hostiles
not-a-phase|engage_boss|loot=0,kill=0,clear=1,foreign=0,resume=empty|clear_nearby_hostiles
not-a-phase|engage_boss|loot=0,kill=0,clear=1,foreign=1,resume=off|clear_nearby_hostiles
not-a-phase|engage_boss|loot=0,kill=0,clear=1,foreign=1,resume=play_bound_route|clear_nearby_hostiles
not-a-phase|engage_boss|loot=0,kill=0,clear=1,foreign=1,resume=empty|clear_nearby_hostiles
not-a-phase|engage_boss|loot=0,kill=1,clear=1,foreign=0,resume=off|clear_nearby_hostiles
not-a-phase|engage_boss|loot=0,kill=1,clear=1,foreign=0,resume=play_bound_route|clear_nearby_hostiles
not-a-phase|engage_boss|loot=0,kill=1,clear=1,foreign=0,resume=empty|clear_nearby_hostiles
not-a-phase|engage_boss|loot=0,kill=1,clear=1,foreign=1,resume=off|clear_nearby_hostiles
not-a-phase|engage_boss|loot=0,kill=1,clear=1,foreign=1,resume=play_bound_route|clear_nearby_hostiles
not-a-phase|engage_boss|loot=0,kill=1,clear=1,foreign=1,resume=empty|clear_nearby_hostiles
not-a-phase|engage_boss|loot=1,kill=0,clear=1,foreign=0,resume=off|clear_nearby_hostiles
not-a-phase|engage_boss|loot=1,kill=0,clear=1,foreign=0,resume=play_bound_route|clear_nearby_hostiles
not-a-phase|engage_boss|loot=1,kill=0,clear=1,foreign=0,resume=empty|clear_nearby_hostiles
not-a-phase|engage_boss|loot=1,kill=0,clear=1,foreign=1,resume=off|clear_nearby_hostiles
not-a-phase|engage_boss|loot=1,kill=0,clear=1,foreign=1,resume=play_bound_route|clear_nearby_hostiles
not-a-phase|engage_boss|loot=1,kill=0,clear=1,foreign=1,resume=empty|clear_nearby_hostiles
not-a-phase|engage_boss|loot=1,kill=1,clear=1,foreign=0,resume=off|clear_nearby_hostiles
not-a-phase|engage_boss|loot=1,kill=1,clear=1,foreign=0,resume=play_bound_route|clear_nearby_hostiles
not-a-phase|engage_boss|loot=1,kill=1,clear=1,foreign=0,resume=empty|clear_nearby_hostiles
not-a-phase|engage_boss|loot=1,kill=1,clear=1,foreign=1,resume=off|clear_nearby_hostiles
not-a-phase|engage_boss|loot=1,kill=1,clear=1,foreign=1,resume=play_bound_route|clear_nearby_hostiles
not-a-phase|engage_boss|loot=1,kill=1,clear=1,foreign=1,resume=empty|clear_nearby_hostiles
not-a-phase|scan_loot|loot=1,kill=0,clear=0,foreign=0,resume=off|pick_loot
not-a-phase|scan_loot|loot=1,kill=0,clear=0,foreign=0,resume=play_bound_route|pick_loot
not-a-phase|scan_loot|loot=1,kill=0,clear=0,foreign=0,resume=empty|pick_loot
not-a-phase|scan_loot|loot=1,kill=0,clear=0,foreign=1,resume=off|pick_loot
not-a-phase|scan_loot|loot=1,kill=0,clear=0,foreign=1,resume=play_bound_route|pick_loot
not-a-phase|scan_loot|loot=1,kill=0,clear=0,foreign=1,resume=empty|pick_loot
not-a-phase|scan_loot|loot=1,kill=0,clear=1,foreign=0,resume=off|pick_loot
not-a-phase|scan_loot|loot=1,kill=0,clear=1,foreign=0,resume=play_bound_route|pick_loot
not-a-phase|scan_loot|loot=1,kill=0,clear=1,foreign=0,resume=empty|pick_loot
not-a-phase|scan_loot|loot=1,kill=0,clear=1,foreign=1,resume=off|pick_loot
not-a-phase|scan_loot|loot=1,kill=0,clear=1,foreign=1,resume=play_bound_route|pick_loot
not-a-phase|scan_loot|loot=1,kill=0,clear=1,foreign=1,resume=empty|pick_loot
not-a-phase|scan_loot|loot=1,kill=1,clear=0,foreign=0,resume=off|pick_loot
not-a-phase|scan_loot|loot=1,kill=1,clear=0,foreign=0,resume=play_bound_route|pick_loot
not-a-phase|scan_loot|loot=1,kill=1,clear=0,foreign=0,resume=empty|pick_loot
not-a-phase|scan_loot|loot=1,kill=1,clear=0,foreign=1,resume=off|pick_loot
not-a-phase|scan_loot|loot=1,kill=1,clear=0,foreign=1,resume=play_bound_route|pick_loot
not-a-phase|scan_loot|loot=1,kill=1,clear=0,foreign=1,resume=empty|pick_loot
not-a-phase|scan_loot|loot=1,kill=1,clear=1,foreign=0,resume=off|pick_loot
not-a-phase|scan_loot|loot=1,kill=1,clear=1,foreign=0,resume=play_bound_route|pick_loot
not-a-phase|scan_loot|loot=1,kill=1,clear=1,foreign=0,resume=empty|pick_loot
not-a-phase|scan_loot|loot=1,kill=1,clear=1,foreign=1,resume=off|pick_loot
not-a-phase|scan_loot|loot=1,kill=1,clear=1,foreign=1,resume=play_bound_route|pick_loot
not-a-phase|scan_loot|loot=1,kill=1,clear=1,foreign=1,resume=empty|pick_loot
not-a-phase|wait_origin_town|loot=0,kill=0,clear=0,foreign=1,resume=off|play_town_egress
not-a-phase|wait_origin_town|loot=0,kill=0,clear=0,foreign=1,resume=play_bound_route|play_town_egress
not-a-phase|wait_origin_town|loot=0,kill=0,clear=0,foreign=1,resume=empty|play_town_egress
not-a-phase|wait_origin_town|loot=0,kill=0,clear=1,foreign=1,resume=off|play_town_egress
not-a-phase|wait_origin_town|loot=0,kill=0,clear=1,foreign=1,resume=play_bound_route|play_town_egress
not-a-phase|wait_origin_town|loot=0,kill=0,clear=1,foreign=1,resume=empty|play_town_egress
not-a-phase|wait_origin_town|loot=0,kill=1,clear=0,foreign=1,resume=off|play_town_egress
not-a-phase|wait_origin_town|loot=0,kill=1,clear=0,foreign=1,resume=play_bound_route|play_town_egress
not-a-phase|wait_origin_town|loot=0,kill=1,clear=0,foreign=1,resume=empty|play_town_egress
not-a-phase|wait_origin_town|loot=0,kill=1,clear=1,foreign=1,resume=off|play_town_egress
not-a-phase|wait_origin_town|loot=0,kill=1,clear=1,foreign=1,resume=play_bound_route|play_town_egress
not-a-phase|wait_origin_town|loot=0,kill=1,clear=1,foreign=1,resume=empty|play_town_egress
not-a-phase|wait_origin_town|loot=1,kill=0,clear=0,foreign=1,resume=off|play_town_egress
not-a-phase|wait_origin_town|loot=1,kill=0,clear=0,foreign=1,resume=play_bound_route|play_town_egress
not-a-phase|wait_origin_town|loot=1,kill=0,clear=0,foreign=1,resume=empty|play_town_egress
not-a-phase|wait_origin_town|loot=1,kill=0,clear=1,foreign=1,resume=off|play_town_egress
not-a-phase|wait_origin_town|loot=1,kill=0,clear=1,foreign=1,resume=play_bound_route|play_town_egress
not-a-phase|wait_origin_town|loot=1,kill=0,clear=1,foreign=1,resume=empty|play_town_egress
not-a-phase|wait_origin_town|loot=1,kill=1,clear=0,foreign=1,resume=off|play_town_egress
not-a-phase|wait_origin_town|loot=1,kill=1,clear=0,foreign=1,resume=play_bound_route|play_town_egress
not-a-phase|wait_origin_town|loot=1,kill=1,clear=0,foreign=1,resume=empty|play_town_egress
not-a-phase|wait_origin_town|loot=1,kill=1,clear=1,foreign=1,resume=off|play_town_egress
not-a-phase|wait_origin_town|loot=1,kill=1,clear=1,foreign=1,resume=play_bound_route|play_town_egress
not-a-phase|wait_origin_town|loot=1,kill=1,clear=1,foreign=1,resume=empty|play_town_egress
