full|precheck|acquire_town_waypoint
full|town_ready_profile|-
full|acquire_town_waypoint|open_waypoint
full|open_waypoint|select_run_waypoint
full|select_run_waypoint|wait_entry_area
full|wait_entry_area|play_bound_route
full|play_bound_route|acquire_boss
full|chest_sweep|wait_for_drops
full|acquire_boss|engage_boss
full|engage_boss|reposition_for_loot
full|clear_nearby_hostiles|reposition_for_loot
full|reposition_for_loot|wait_for_drops
full|wait_for_drops|scan_loot
full|scan_loot|cast_town_portal
full|pick_loot|cast_town_portal
full|cast_town_portal|enter_town_portal
full|enter_town_portal|wait_origin_town
full|wait_origin_town|open_personal_stash
full|play_town_egress|open_origin_waypoint
full|open_origin_waypoint|select_hub_waypoint
full|select_hub_waypoint|wait_hub_area
full|wait_hub_area|open_personal_stash
full|open_personal_stash|stash_items
full|stash_items|close_personal_stash
full|close_personal_stash|prepare_town_handoff
full|prepare_town_handoff|complete
full|complete|-
full|-|-
full|unknown_step|-
full|cow_preflight|-
travel-entry|precheck|acquire_town_waypoint
travel-entry|town_ready_profile|-
travel-entry|acquire_town_waypoint|open_waypoint
travel-entry|open_waypoint|select_run_waypoint
travel-entry|select_run_waypoint|wait_entry_area
travel-entry|wait_entry_area|-
travel-entry|play_bound_route|-
travel-entry|chest_sweep|-
travel-entry|acquire_boss|-
travel-entry|engage_boss|-
travel-entry|clear_nearby_hostiles|-
travel-entry|reposition_for_loot|-
travel-entry|wait_for_drops|-
travel-entry|scan_loot|-
travel-entry|pick_loot|-
travel-entry|cast_town_portal|-
travel-entry|enter_town_portal|-
travel-entry|wait_origin_town|-
travel-entry|play_town_egress|-
travel-entry|open_origin_waypoint|-
travel-entry|select_hub_waypoint|-
travel-entry|wait_hub_area|-
travel-entry|open_personal_stash|-
travel-entry|stash_items|-
travel-entry|close_personal_stash|-
travel-entry|prepare_town_handoff|-
travel-entry|complete|-
travel-entry|-|-
travel-entry|unknown_step|-
travel-entry|cow_preflight|-
play-route|precheck|acquire_town_waypoint
play-route|town_ready_profile|-
play-route|acquire_town_waypoint|open_waypoint
play-route|open_waypoint|select_run_waypoint
play-route|select_run_waypoint|wait_entry_area
play-route|wait_entry_area|play_bound_route
play-route|play_bound_route|-
play-route|chest_sweep|-
play-route|acquire_boss|-
play-route|engage_boss|-
play-route|clear_nearby_hostiles|-
play-route|reposition_for_loot|-
play-route|wait_for_drops|-
play-route|scan_loot|-
play-route|pick_loot|-
play-route|cast_town_portal|-
play-route|enter_town_portal|-
play-route|wait_origin_town|-
play-route|play_town_egress|-
play-route|open_origin_waypoint|-
play-route|select_hub_waypoint|-
play-route|wait_hub_area|-
play-route|open_personal_stash|-
play-route|stash_items|-
play-route|close_personal_stash|-
play-route|prepare_town_handoff|-
play-route|complete|-
play-route|-|-
play-route|unknown_step|-
play-route|cow_preflight|-
boss|precheck|acquire_boss
boss|town_ready_profile|-
boss|acquire_town_waypoint|-
boss|open_waypoint|-
boss|select_run_waypoint|-
boss|wait_entry_area|-
boss|play_bound_route|-
boss|chest_sweep|-
boss|acquire_boss|engage_boss
boss|engage_boss|-
boss|clear_nearby_hostiles|-
boss|reposition_for_loot|-
boss|wait_for_drops|-
boss|scan_loot|-
boss|pick_loot|-
boss|cast_town_portal|-
boss|enter_town_portal|-
boss|wait_origin_town|-
boss|play_town_egress|-
boss|open_origin_waypoint|-
boss|select_hub_waypoint|-
boss|wait_hub_area|-
boss|open_personal_stash|-
boss|stash_items|-
boss|close_personal_stash|-
boss|prepare_town_handoff|-
boss|complete|-
boss|-|-
boss|unknown_step|-
boss|cow_preflight|-
loot-and-return|precheck|wait_for_drops
loot-and-return|town_ready_profile|-
loot-and-return|acquire_town_waypoint|-
loot-and-return|open_waypoint|-
loot-and-return|select_run_waypoint|-
loot-and-return|wait_entry_area|-
loot-and-return|play_bound_route|-
loot-and-return|chest_sweep|-
loot-and-return|acquire_boss|-
loot-and-return|engage_boss|-
loot-and-return|clear_nearby_hostiles|-
loot-and-return|reposition_for_loot|-
loot-and-return|wait_for_drops|scan_loot
loot-and-return|scan_loot|cast_town_portal
loot-and-return|pick_loot|cast_town_portal
loot-and-return|cast_town_portal|enter_town_portal
loot-and-return|enter_town_portal|wait_origin_town
loot-and-return|wait_origin_town|open_personal_stash
loot-and-return|play_town_egress|open_origin_waypoint
loot-and-return|open_origin_waypoint|select_hub_waypoint
loot-and-return|select_hub_waypoint|wait_hub_area
loot-and-return|wait_hub_area|open_personal_stash
loot-and-return|open_personal_stash|stash_items
loot-and-return|stash_items|close_personal_stash
loot-and-return|close_personal_stash|complete
loot-and-return|prepare_town_handoff|-
loot-and-return|complete|-
loot-and-return|-|-
loot-and-return|unknown_step|-
loot-and-return|cow_preflight|-
retry-return|precheck|cast_town_portal
retry-return|town_ready_profile|-
retry-return|acquire_town_waypoint|-
retry-return|open_waypoint|-
retry-return|select_run_waypoint|-
retry-return|wait_entry_area|-
retry-return|play_bound_route|-
retry-return|chest_sweep|-
retry-return|acquire_boss|-
retry-return|engage_boss|-
retry-return|clear_nearby_hostiles|-
retry-return|reposition_for_loot|-
retry-return|wait_for_drops|-
retry-return|scan_loot|-
retry-return|pick_loot|-
retry-return|cast_town_portal|enter_town_portal
retry-return|enter_town_portal|wait_origin_town
retry-return|wait_origin_town|complete
retry-return|play_town_egress|open_origin_waypoint
retry-return|open_origin_waypoint|select_hub_waypoint
retry-return|select_hub_waypoint|wait_hub_area
retry-return|wait_hub_area|complete
retry-return|open_personal_stash|-
retry-return|stash_items|-
retry-return|close_personal_stash|-
retry-return|prepare_town_handoff|-
retry-return|complete|-
retry-return|-|-
retry-return|unknown_step|-
retry-return|cow_preflight|-
stash-personal|precheck|open_personal_stash
stash-personal|town_ready_profile|-
stash-personal|acquire_town_waypoint|-
stash-personal|open_waypoint|-
stash-personal|select_run_waypoint|-
stash-personal|wait_entry_area|-
stash-personal|play_bound_route|-
stash-personal|chest_sweep|-
stash-personal|acquire_boss|-
stash-personal|engage_boss|-
stash-personal|clear_nearby_hostiles|-
stash-personal|reposition_for_loot|-
stash-personal|wait_for_drops|-
stash-personal|scan_loot|-
stash-personal|pick_loot|-
stash-personal|cast_town_portal|-
stash-personal|enter_town_portal|-
stash-personal|wait_origin_town|-
stash-personal|play_town_egress|-
stash-personal|open_origin_waypoint|-
stash-personal|select_hub_waypoint|-
stash-personal|wait_hub_area|-
stash-personal|open_personal_stash|stash_items
stash-personal|stash_items|close_personal_stash
stash-personal|close_personal_stash|complete
stash-personal|prepare_town_handoff|-
stash-personal|complete|-
stash-personal|-|-
stash-personal|unknown_step|-
stash-personal|cow_preflight|-
town-ready|precheck|town_ready_profile
town-ready|town_ready_profile|complete
town-ready|acquire_town_waypoint|-
town-ready|open_waypoint|-
town-ready|select_run_waypoint|-
town-ready|wait_entry_area|-
town-ready|play_bound_route|-
town-ready|chest_sweep|-
town-ready|acquire_boss|-
town-ready|engage_boss|-
town-ready|clear_nearby_hostiles|-
town-ready|reposition_for_loot|-
town-ready|wait_for_drops|-
town-ready|scan_loot|-
town-ready|pick_loot|-
town-ready|cast_town_portal|-
town-ready|enter_town_portal|-
town-ready|wait_origin_town|-
town-ready|play_town_egress|-
town-ready|open_origin_waypoint|-
town-ready|select_hub_waypoint|-
town-ready|wait_hub_area|-
town-ready|open_personal_stash|-
town-ready|stash_items|-
town-ready|close_personal_stash|-
town-ready|prepare_town_handoff|-
town-ready|complete|-
town-ready|-|-
town-ready|unknown_step|-
town-ready|cow_preflight|-
not-a-phase|precheck|acquire_town_waypoint
not-a-phase|town_ready_profile|-
not-a-phase|acquire_town_waypoint|open_waypoint
not-a-phase|open_waypoint|select_run_waypoint
not-a-phase|select_run_waypoint|wait_entry_area
not-a-phase|wait_entry_area|play_bound_route
not-a-phase|play_bound_route|acquire_boss
not-a-phase|chest_sweep|wait_for_drops
not-a-phase|acquire_boss|engage_boss
not-a-phase|engage_boss|reposition_for_loot
not-a-phase|clear_nearby_hostiles|reposition_for_loot
not-a-phase|reposition_for_loot|wait_for_drops
not-a-phase|wait_for_drops|scan_loot
not-a-phase|scan_loot|cast_town_portal
not-a-phase|pick_loot|cast_town_portal
not-a-phase|cast_town_portal|enter_town_portal
not-a-phase|enter_town_portal|wait_origin_town
not-a-phase|wait_origin_town|open_personal_stash
not-a-phase|play_town_egress|open_origin_waypoint
not-a-phase|open_origin_waypoint|select_hub_waypoint
not-a-phase|select_hub_waypoint|wait_hub_area
not-a-phase|wait_hub_area|open_personal_stash
not-a-phase|open_personal_stash|stash_items
not-a-phase|stash_items|close_personal_stash
not-a-phase|close_personal_stash|prepare_town_handoff
not-a-phase|prepare_town_handoff|complete
not-a-phase|complete|-
not-a-phase|-|-
not-a-phase|unknown_step|-
not-a-phase|cow_preflight|-
